
> v4@0.0.0 build
> vite build

vite v7.3.1 building client environment for production...
transforming...
Error: Cannot apply unknown utility class `bg-surface-200/60`
    at onInvalidCandidate (/home/deo/Bureau/SDHTUD/deOs-discipline/node_modules/tailwindcss/dist/lib.js:21:1511)
    at Ee (/home/deo/Bureau/SDHTUD/deOs-discipline/node_modules/tailwindcss/dist/lib.js:16:37066)
    at /home/deo/Bureau/SDHTUD/deOs-discipline/node_modules/tailwindcss/dist/lib.js:21:355
    at Pr (/home/deo/Bureau/SDHTUD/deOs-discipline/node_modules/tailwindcss/dist/lib.js:3:1733)
    at _ (/home/deo/Bureau/SDHTUD/deOs-discipline/node_modules/tailwindcss/dist/lib.js:3:1377)
    at Te (/home/deo/Bureau/SDHTUD/deOs-discipline/node_modules/tailwindcss/dist/lib.js:21:172)
    at pn (/home/deo/Bureau/SDHTUD/deOs-discipline/node_modules/tailwindcss/dist/lib.js:38:294)
    at async dn (/home/deo/Bureau/SDHTUD/deOs-discipline/node_modules/tailwindcss/dist/lib.js:38:631)
    at async Xr (/home/deo/Bureau/SDHTUD/deOs-discipline/node_modules/@tailwindcss/node/dist/index.js:10:3417)
    at async N (/home/deo/Bureau/SDHTUD/deOs-discipline/node_modules/@tailwindcss/postcss/dist/index.js:10:3979)
✓ 4 modules transformed.
✗ Build failed in 1.11s
error during build:
[vite:css] [postcss] tailwindcss: /home/deo/Bureau/SDHTUD/deOs-discipline/src/index.css:1:1: Cannot apply unknown utility class `bg-surface-200/60`
file: /home/deo/Bureau/SDHTUD/deOs-discipline/src/index.css:1:0
    at Input.error (/home/deo/Bureau/SDHTUD/deOs-discipline/node_modules/postcss/lib/input.js:135:16)
    at Root.error (/home/deo/Bureau/SDHTUD/deOs-discipline/node_modules/postcss/lib/node.js:146:32)
    at Object.Once (/home/deo/Bureau/SDHTUD/deOs-discipline/node_modules/@tailwindcss/postcss/dist/index.js:10:6913)
    at async LazyResult.runAsync (/home/deo/Bureau/SDHTUD/deOs-discipline/node_modules/postcss/lib/lazy-result.js:293:11)
    at async runPostCSS (file:///home/deo/Bureau/SDHTUD/deOs-discipline/node_modules/vite/dist/node/chunks/config.js:30145:19)
    at async compilePostCSS (file:///home/deo/Bureau/SDHTUD/deOs-discipline/node_modules/vite/dist/node/chunks/config.js:30129:6)
    at async compileCSS (file:///home/deo/Bureau/SDHTUD/deOs-discipline/node_modules/vite/dist/node/chunks/config.js:30059:26)
    at async Object.handler (file:///home/deo/Bureau/SDHTUD/deOs-discipline/node_modules/vite/dist/node/chunks/config.js:29592:54)
    at async transform (file:///home/deo/Bureau/SDHTUD/deOs-discipline/node_modules/rollup/dist/es/shared/node-entry.js:21269:16)
    at async ModuleLoader.addModuleSource (file:///home/deo/Bureau/SDHTUD/deOs-discipline/node_modules/rollup/dist/es/shared/node-entry.js:21497:36)
